
> app-builder-workspace@3.0.2 electron:pack
> node desktop/pack.mjs

[premiere316] build identity p316-20260908185301-6e6cab548fb4
[premiere316] bundling desktop backend…

  desktop\dist\backend.mjs  158.8kb

Done in 10ms
[premiere316] building UI for the desktop Node server…
vite v8.2.2 building client environment for production...
transforming...
✓ 1955 modules transformed.
rendering chunks...
computing gzip size...
.output/public/assets/styles-DoIWHL_K.css          41.38 kB │ gzip:   8.40 kB
.output/public/assets/client-DEgOZ_bV.js            0.07 kB │ gzip:   0.08 kB
.output/public/assets/model-registry-CVciIiHo.js    0.21 kB │ gzip:   0.19 kB
.output/public/assets/index-3pYxzUDy.js           434.58 kB │ gzip: 134.09 kB
.output/public/assets/routes-C-irPNn-.js          469.78 kB │ gzip: 128.14 kB

[INEFFECTIVE_DYNAMIC_IMPORT] src/lib/desktop/client.ts is dynamically imported by src/components/studio/stage-views.tsx but also statically imported by src/components/production/prepared-assets-panel.tsx, src/components/studio/bin.tsx, src/components/studio/interface-scale.tsx, src/components/studio/stage-views.tsx, src/components/studio/system-context.tsx, dynamic import will not move module into another chunk.

✓ built in 472ms
vite v8.2.2 building ssr environment for production...
transforming...
✓ 176 modules transformed.
rendering chunks...
computing gzip size...
node_modules/.nitro/vite/services/ssr/assets/styles-DoIWHL_K.css                      41.38 kB │ gzip:   8.40 kB
node_modules/.nitro/vite/services/ssr/assets/client-C_xZM7KF.js                        0.09 kB │ gzip:   0.09 kB
node_modules/.nitro/vite/services/ssr/assets/start-5Z2QO8AU.js                         0.14 kB │ gzip:   0.13 kB
node_modules/.nitro/vite/services/ssr/assets/empty-plugin-adapters-D9UWiqvJ.js         0.22 kB │ gzip:   0.16 kB
node_modules/.nitro/vite/services/ssr/assets/createServerRpc-A6pJPYTF.js               0.38 kB │ gzip:   0.26 kB
node_modules/.nitro/vite/services/ssr/assets/model-registry-XDrRj-kd.js                0.42 kB │ gzip:   0.30 kB
node_modules/.nitro/vite/services/ssr/assets/_tanstack-start-manifest_v-Cfv9TkIX.js    0.50 kB │ gzip:   0.29 kB
node_modules/.nitro/vite/services/ssr/assets/model-registry-BDbnLCh0.js                0.96 kB │ gzip:   0.48 kB
node_modules/.nitro/vite/services/ssr/assets/movie-plan-api-DBIS7LbJ.js                2.10 kB │ gzip:   0.92 kB
node_modules/.nitro/vite/services/ssr/assets/model-catalog-B1grMz8f.js                 2.13 kB │ gzip:   0.93 kB
node_modules/.nitro/vite/services/ssr/assets/screenplay-api-DLy4UerI.js                5.90 kB │ gzip:   1.70 kB
node_modules/.nitro/vite/services/ssr/assets/lmstudio-provider.server-0YQ-AYy7.js     12.31 kB │ gzip:   3.79 kB
node_modules/.nitro/vite/services/ssr/assets/router-C_K3WlnW.js                       12.40 kB │ gzip:   4.23 kB
node_modules/.nitro/vite/services/ssr/assets/bible-D3IVg9KV.js                        12.77 kB │ gzip:   3.90 kB
node_modules/.nitro/vite/services/ssr/assets/screenplay-models-ZBsrgB2T.js            12.98 kB │ gzip:   4.57 kB
node_modules/.nitro/vite/services/ssr/assets/screenplay-jobs.server-_f0F03q5.js       14.61 kB │ gzip:   4.00 kB
node_modules/.nitro/vite/services/ssr/assets/screenplay-qa-Dv5VAvbM.js                31.84 kB │ gzip:   8.44 kB
node_modules/.nitro/vite/services/ssr/assets/model-scan.server-BKPrfw1i.js            36.37 kB │ gzip:   9.86 kB
node_modules/.nitro/vite/services/ssr/index.js                                        70.38 kB │ gzip:  18.04 kB
node_modules/.nitro/vite/services/ssr/assets/movie-plan-stream-B_VPdROe.js           145.86 kB │ gzip:  36.93 kB
node_modules/.nitro/vite/services/ssr/assets/routes-CgL74nnS.js                      500.26 kB │ gzip: 104.13 kB

[INEFFECTIVE_DYNAMIC_IMPORT] src/lib/desktop/client.ts is dynamically imported by src/components/studio/stage-views.tsx but also statically imported by src/components/production/prepared-assets-panel.tsx, src/components/studio/bin.tsx, src/components/studio/interface-scale.tsx, src/components/studio/stage-views.tsx, src/components/studio/system-context.tsx, dynamic import will not move module into another chunk.

✓ built in 228ms

[nitro] o Building [Nitro] (preset: node-server, compatibility: 2026-09-03)
[nitro] √ Generated public .output/public
vite v8.2.2 building nitro environment for production...
transforming...
✓ 1900 modules transformed.
rendering chunks...
computing gzip size...
.output/server/_ssr/client-C_xZM7KF.mjs                        0.09 kB │ gzip:   0.09 kB
.output/server/_ssr/start-5Z2QO8AU.mjs                         0.14 kB │ gzip:   0.13 kB
.output/server/_ssr/empty-plugin-adapters-D9UWiqvJ.mjs         0.23 kB │ gzip:   0.16 kB
.output/server/_ssr/createServerRpc-A6pJPYTF.mjs               0.38 kB │ gzip:   0.26 kB
.output/server/_ssr/model-registry-XDrRj-kd.mjs                0.46 kB │ gzip:   0.32 kB
.output/server/_tanstack-start-manifest_v-Cfv9TkIX.mjs         0.56 kB │ gzip:   0.33 kB
.output/server/_chunks/ssr-renderer.mjs                        0.96 kB │ gzip:   0.49 kB
.output/server/_ssr/model-registry-BDbnLCh0.mjs                0.98 kB │ gzip:   0.51 kB
.output/server/_runtime.mjs                                    1.58 kB │ gzip:   0.74 kB
.output/server/_ssr/model-catalog-B1grMz8f.mjs                 2.17 kB │ gzip:   0.96 kB
.output/server/_ssr/movie-plan-api-DBIS7LbJ.mjs                2.18 kB │ gzip:   0.97 kB
.output/server/_libs/ufo.mjs                                   2.21 kB │ gzip:   0.72 kB
.output/server/_libs/class-variance-authority+clsx.mjs         3.17 kB │ gzip:   1.24 kB
.output/server/_libs/radix-ui__react-slot.mjs                  5.61 kB │ gzip:   1.73 kB
.output/server/_ssr/screenplay-api-DLy4UerI.mjs                5.92 kB │ gzip:   1.72 kB
.output/server/_libs/zustand.mjs                               6.72 kB │ gzip:   2.08 kB
.output/server/_libs/h3-v2+rou3.mjs                            9.83 kB │ gzip:   3.05 kB
.output/server/_libs/tanstack__history.mjs                    12.05 kB │ gzip:   3.46 kB
.output/server/_ssr/lmstudio-provider.server-0YQ-AYy7.mjs     12.35 kB │ gzip:   3.83 kB
.output/server/_ssr/bible-D3IVg9KV.mjs                        12.62 kB │ gzip:   3.91 kB
.output/server/_ssr/router-C_K3WlnW.mjs                       12.87 kB │ gzip:   4.36 kB
.output/server/_ssr/screenplay-models-ZBsrgB2T.mjs            12.96 kB │ gzip:   4.59 kB
.output/server/_ssr/screenplay-jobs.server-_f0F03q5.mjs       14.59 kB │ gzip:   4.03 kB
.output/server/_libs/@radix-ui/react-compose-refs+[...].mjs   16.79 kB │ gzip:   4.66 kB
.output/server/_libs/lucide-react.mjs                         24.70 kB │ gzip:   5.06 kB
.output/server/_ssr/screenplay-qa-Dv5VAvbM.mjs                31.66 kB │ gzip:   8.44 kB
.output/server/_ssr/model-scan.server-BKPrfw1i.mjs            36.35 kB │ gzip:   9.88 kB
.output/server/index.mjs                                      39.22 kB │ gzip:  12.09 kB
.output/server/_libs/h3+rou3+srvx.mjs                         46.00 kB │ gzip:  12.36 kB
.output/server/_libs/sonner.mjs                               53.69 kB │ gzip:  12.13 kB
.output/server/_ssr/ssr.mjs                                   68.65 kB │ gzip:  17.99 kB
.output/server/_libs/tailwind-merge.mjs                       88.13 kB │ gzip:  15.66 kB
.output/server/_libs/@tanstack/router-core+[...].mjs         122.94 kB │ gzip:  25.89 kB
.output/server/_ssr/movie-plan-stream-B_VPdROe.mjs           145.11 kB │ gzip:  36.80 kB
.output/server/_libs/zod.mjs                                 159.58 kB │ gzip:  34.87 kB
.output/server/_ssr/routes-CgL74nnS.mjs                      538.96 kB │ gzip: 104.98 kB
.output/server/_libs/@tanstack/react-router+[...].mjs        660.86 kB │ gzip: 138.70 kB

✓ built in 157ms
i Generated .output/nitro.json

[nitro] √ You can preview this build using npx vite preview
[premiere316] electron-builder --win --x64…
  • electron-builder  version=26.0.12 os=10.0.26200
  • loaded configuration  file=D:\Projects\Premiere316_v3\electron-builder.yml
  • skipped dependencies rebuild  reason=npmRebuild is set to false
  • packaging       platform=win32 arch=x64 electron=37.4.0 appOutDir=dist-desktop\win-unpacked
(node:39292) [DEP0190] DeprecationWarning: Passing args to a child process with shell option true can lead to security vulnerabilities, as the arguments are not escaped, only concatenated.
(Use `node --trace-deprecation ...` to show where the warning was created)
  • updating asar integrity executable resource  executablePath=dist-desktop\win-unpacked\Premiere316.exe
  • building        target=nsis file=dist-desktop\Premiere316-Setup.exe archs=x64 oneClick=false perMachine=false
  • signing with signtool.exe  path=dist-desktop\__uninstaller-nsis-app-builder-workspace.exe
  • signing with signtool.exe  path=dist-desktop\Premiere316-Setup.exe
  • building block map  blockMapFile=dist-desktop\Premiere316-Setup.exe.blockmap
[premiere316] packaged runtime audit passed (9 ASAR modules, 4 resources)
[premiere316] Premiere316.exe → D:\Projects\Premiere316_v3\dist-desktop\win-unpacked\Premiere316.exe
[premiere316] installer → D:\Projects\Premiere316_v3\dist-desktop\Premiere316-Setup.exe
