
> app-builder-workspace@3.0.2 build
> node scripts/with-app-env.mjs vite build && npm run db:migrate

[nitro:vercel] i Using nodejs24.x runtime.
[nitro:vercel] i Using web entry format.
vite v8.2.2 building client environment for production...
transforming...
Γ£ô 1950 modules transformed.
rendering chunks...
computing gzip size...
.vercel/output/static/assets/styles-CiRxD0dT.css          41.29 kB Γöé gzip:   8.38 kB
.vercel/output/static/assets/client-CBMN0ech.js            0.07 kB Γöé gzip:   0.08 kB
.vercel/output/static/assets/model-registry-BVO_5j43.js    0.21 kB Γöé gzip:   0.19 kB
.vercel/output/static/assets/index-RGVh83N2.js           434.58 kB Γöé gzip: 134.09 kB
.vercel/output/static/assets/routes-BnLcdQCY.js          459.72 kB Γöé gzip: 123.48 kB

[INEFFECTIVE_DYNAMIC_IMPORT] src/lib/desktop/client.ts is dynamically imported by src/components/studio/stage-views.tsx but also statically imported by src/components/production/prepared-assets-panel.tsx, src/components/studio/bin.tsx, src/components/studio/interface-scale.tsx, src/components/studio/stage-views.tsx, src/components/studio/system-context.tsx, dynamic import will not move module into another chunk.

Γ£ô built in 427ms
vite v8.2.2 building ssr environment for production...
transforming...
Γ£ô 170 modules transformed.
rendering chunks...
computing gzip size...
node_modules/.nitro/vite/services/ssr/assets/styles-CiRxD0dT.css                      41.29 kB Γöé gzip:   8.38 kB
node_modules/.nitro/vite/services/ssr/assets/client-DIMYe7N0.js                        0.09 kB Γöé gzip:   0.09 kB
node_modules/.nitro/vite/services/ssr/assets/start-5Z2QO8AU.js                         0.14 kB Γöé gzip:   0.13 kB
node_modules/.nitro/vite/services/ssr/assets/empty-plugin-adapters-D9UWiqvJ.js         0.22 kB Γöé gzip:   0.16 kB
node_modules/.nitro/vite/services/ssr/assets/createServerRpc-A6pJPYTF.js               0.38 kB Γöé gzip:   0.26 kB
node_modules/.nitro/vite/services/ssr/assets/model-registry-B-3CbopW.js                0.42 kB Γöé gzip:   0.30 kB
node_modules/.nitro/vite/services/ssr/assets/_tanstack-start-manifest_v-DTP0xRgY.js    0.50 kB Γöé gzip:   0.30 kB
node_modules/.nitro/vite/services/ssr/assets/model-registry-BDbnLCh0.js                0.96 kB Γöé gzip:   0.48 kB
node_modules/.nitro/vite/services/ssr/assets/model-catalog-B1grMz8f.js                 2.13 kB Γöé gzip:   0.93 kB
node_modules/.nitro/vite/services/ssr/assets/screenplay-api-cwKzhjUP.js                5.90 kB Γöé gzip:   1.70 kB
node_modules/.nitro/vite/services/ssr/assets/lmstudio-provider.server-Bs6B7Jet.js     12.31 kB Γöé gzip:   3.80 kB
node_modules/.nitro/vite/services/ssr/assets/router-eoatjLgx.js                       12.40 kB Γöé gzip:   4.23 kB
node_modules/.nitro/vite/services/ssr/assets/bible-DuZQAFhL.js                        12.96 kB Γöé gzip:   3.93 kB
node_modules/.nitro/vite/services/ssr/assets/screenplay-jobs.server-RkIqqcGt.js       14.56 kB Γöé gzip:   3.99 kB
node_modules/.nitro/vite/services/ssr/assets/model-scan.server-BKPrfw1i.js            36.37 kB Γöé gzip:   9.86 kB
node_modules/.nitro/vite/services/ssr/assets/screenplay-models-D_HCauFo.js            44.80 kB Γöé gzip:  12.65 kB
node_modules/.nitro/vite/services/ssr/index.js                                        70.18 kB Γöé gzip:  17.94 kB
node_modules/.nitro/vite/services/ssr/assets/routes-Du1HIWIG.js                      623.71 kB Γöé gzip: 132.70 kB

[INEFFECTIVE_DYNAMIC_IMPORT] src/lib/desktop/client.ts is dynamically imported by src/components/studio/stage-views.tsx but also statically imported by src/components/production/prepared-assets-panel.tsx, src/components/studio/bin.tsx, src/components/studio/interface-scale.tsx, src/components/studio/stage-views.tsx, src/components/studio/system-context.tsx, dynamic import will not move module into another chunk.

Γ£ô built in 252ms

[nitro] o Building [Nitro] (preset: vercel, compatibility: 2026-09-03)
[nitro] ΓêÜ Generated public .vercel/output/static
vite v8.2.2 building nitro environment for production...
transforming...
Γ£ô 1889 modules transformed.
rendering chunks...
computing gzip size...
.vercel/output/functions/__server.func/_ssr/client-DIMYe7N0.mjs                        0.09 kB Γöé gzip:   0.09 kB
.vercel/output/functions/__server.func/_ssr/start-5Z2QO8AU.mjs                         0.14 kB Γöé gzip:   0.13 kB
.vercel/output/functions/__server.func/_ssr/empty-plugin-adapters-D9UWiqvJ.mjs         0.23 kB Γöé gzip:   0.16 kB
.vercel/output/functions/__server.func/_ssr/createServerRpc-A6pJPYTF.mjs               0.38 kB Γöé gzip:   0.26 kB
.vercel/output/functions/__server.func/_ssr/model-registry-B-3CbopW.mjs                0.46 kB Γöé gzip:   0.33 kB
.vercel/output/functions/__server.func/_tanstack-start-manifest_v-DTP0xRgY.mjs         0.56 kB Γöé gzip:   0.33 kB
.vercel/output/functions/__server.func/_chunks/ssr-renderer.mjs                        0.96 kB Γöé gzip:   0.49 kB
.vercel/output/functions/__server.func/_ssr/model-registry-BDbnLCh0.mjs                0.98 kB Γöé gzip:   0.51 kB
.vercel/output/functions/__server.func/_runtime.mjs                                    1.58 kB Γöé gzip:   0.74 kB
.vercel/output/functions/__server.func/_ssr/model-catalog-B1grMz8f.mjs                 2.17 kB Γöé gzip:   0.96 kB
.vercel/output/functions/__server.func/_libs/class-variance-authority+clsx.mjs         3.17 kB Γöé gzip:   1.24 kB
.vercel/output/functions/__server.func/_libs/radix-ui__react-slot.mjs                  5.61 kB Γöé gzip:   1.73 kB
.vercel/output/functions/__server.func/_ssr/screenplay-api-cwKzhjUP.mjs                5.92 kB Γöé gzip:   1.72 kB
.vercel/output/functions/__server.func/_libs/zustand.mjs                               6.72 kB Γöé gzip:   2.08 kB
.vercel/output/functions/__server.func/_libs/h3-v2+rou3.mjs                            9.83 kB Γöé gzip:   3.05 kB
.vercel/output/functions/__server.func/_libs/tanstack__history.mjs                    12.05 kB Γöé gzip:   3.46 kB
.vercel/output/functions/__server.func/_ssr/lmstudio-provider.server-Bs6B7Jet.mjs     12.35 kB Γöé gzip:   3.83 kB
.vercel/output/functions/__server.func/_ssr/bible-DuZQAFhL.mjs                        12.82 kB Γöé gzip:   3.93 kB
.vercel/output/functions/__server.func/_ssr/router-eoatjLgx.mjs                       12.87 kB Γöé gzip:   4.36 kB
.vercel/output/functions/__server.func/_ssr/screenplay-jobs.server-RkIqqcGt.mjs       14.54 kB Γöé gzip:   4.02 kB
.vercel/output/functions/__server.func/_libs/@radix-ui/react-compose-refs+[...].mjs   16.79 kB Γöé gzip:   4.66 kB
.vercel/output/functions/__server.func/_libs/h3+rou3+srvx.mjs                         22.57 kB Γöé gzip:   6.12 kB
.vercel/output/functions/__server.func/_libs/lucide-react.mjs                         25.87 kB Γöé gzip:   5.29 kB
.vercel/output/functions/__server.func/index.mjs                                      32.92 kB Γöé gzip:  10.28 kB
.vercel/output/functions/__server.func/_ssr/model-scan.server-BKPrfw1i.mjs            36.35 kB Γöé gzip:   9.88 kB
.vercel/output/functions/__server.func/_ssr/screenplay-models-D_HCauFo.mjs            44.50 kB Γöé gzip:  12.63 kB
.vercel/output/functions/__server.func/_libs/sonner.mjs                               53.69 kB Γöé gzip:  12.13 kB
.vercel/output/functions/__server.func/_ssr/ssr.mjs                                   68.45 kB Γöé gzip:  17.89 kB
.vercel/output/functions/__server.func/_libs/tailwind-merge.mjs                       88.13 kB Γöé gzip:  15.66 kB
.vercel/output/functions/__server.func/_libs/@tanstack/router-core+[...].mjs         122.94 kB Γöé gzip:  25.89 kB
.vercel/output/functions/__server.func/_libs/zod.mjs                                 159.58 kB Γöé gzip:  34.87 kB
.vercel/output/functions/__server.func/_libs/@tanstack/react-router+[...].mjs        660.86 kB Γöé gzip: 138.70 kB
.vercel/output/functions/__server.func/_ssr/routes-Du1HIWIG.mjs                      663.00 kB Γöé gzip: 133.39 kB

Γ£ô built in 158ms
i Generated .vercel/output/nitro.json

[nitro] ΓêÜ You can preview this build using npx vite preview
[nitro] ΓêÜ You can deploy this build using npx nitro deploy --prebuilt

> app-builder-workspace@3.0.2 db:migrate
> node scripts/migrate.mjs

[migrate] DATABASE_URL not set ΓÇö skipping (the PGLite fallback migrates itself).
