warning: in the working copy of 'desktop/backend.mjs', LF will be replaced by CRLF the next time Git touches it
warning: in the working copy of 'desktop/build-info.json', LF will be replaced by CRLF the next time Git touches it
warning: in the working copy of 'desktop/channels.cjs', LF will be replaced by CRLF the next time Git touches it
warning: in the working copy of 'desktop/main.mjs', LF will be replaced by CRLF the next time Git touches it
warning: in the working copy of 'desktop/pack.mjs', LF will be replaced by CRLF the next time Git touches it
warning: in the working copy of 'desktop/preload.cjs', LF will be replaced by CRLF the next time Git touches it
warning: in the working copy of 'desktop/preload.test.mjs', LF will be replaced by CRLF the next time Git touches it
warning: in the working copy of 'docs/orchestration/file-leases.json', LF will be replaced by CRLF the next time Git touches it
warning: in the working copy of 'docs/orchestration/task-status.json', LF will be replaced by CRLF the next time Git touches it
warning: in the working copy of 'docs/orchestration/wave-status.json', LF will be replaced by CRLF the next time Git touches it
warning: in the working copy of 'electron-builder.yml', LF will be replaced by CRLF the next time Git touches it
warning: in the working copy of 'package.json', LF will be replaced by CRLF the next time Git touches it
warning: in the working copy of 'screenshots/premiere316-desktop-smoke.json', LF will be replaced by CRLF the next time Git touches it
warning: in the working copy of 'screenshots/stage-visual/report.json', LF will be replaced by CRLF the next time Git touches it
warning: in the working copy of 'scripts/desktop-smoke.mjs', LF will be replaced by CRLF the next time Git touches it
warning: in the working copy of 'scripts/desktop-stage-visual.mjs', LF will be replaced by CRLF the next time Git touches it
warning: in the working copy of 'scripts/no-cloud-runtime.test.mjs', LF will be replaced by CRLF the next time Git touches it
warning: in the working copy of 'src/components/production/prepared-assets-panel.tsx', LF will be replaced by CRLF the next time Git touches it
warning: in the working copy of 'src/components/studio/bin.tsx', LF will be replaced by CRLF the next time Git touches it
warning: in the working copy of 'src/components/studio/inspector.tsx', LF will be replaced by CRLF the next time Git touches it
warning: in the working copy of 'src/components/studio/shell.tsx', LF will be replaced by CRLF the next time Git touches it
warning: in the working copy of 'src/components/studio/stage-views.tsx', LF will be replaced by CRLF the next time Git touches it
warning: in the working copy of 'src/components/studio/still-bay.tsx', LF will be replaced by CRLF the next time Git touches it
warning: in the working copy of 'src/lib/ai/director.ts', LF will be replaced by CRLF the next time Git touches it
warning: in the working copy of 'src/lib/desktop/client.ts', LF will be replaced by CRLF the next time Git touches it
warning: in the working copy of 'src/lib/desktop/protocol.ts', LF will be replaced by CRLF the next time Git touches it
warning: in the working copy of 'src/lib/production/breakdown.test.ts', LF will be replaced by CRLF the next time Git touches it
warning: in the working copy of 'src/lib/production/index.ts', LF will be replaced by CRLF the next time Git touches it
warning: in the working copy of 'src/lib/production/inventory-v2.test.ts', LF will be replaced by CRLF the next time Git touches it
warning: in the working copy of 'src/lib/production/inventory.ts', LF will be replaced by CRLF the next time Git touches it
warning: in the working copy of 'src/lib/production/persistence.ts', LF will be replaced by CRLF the next time Git touches it
warning: in the working copy of 'src/lib/production/types.ts', LF will be replaced by CRLF the next time Git touches it
warning: in the working copy of 'src/lib/studio/engine-controls.test.ts', LF will be replaced by CRLF the next time Git touches it
warning: in the working copy of 'src/lib/studio/engine-controls.ts', LF will be replaced by CRLF the next time Git touches it
warning: in the working copy of 'src/lib/studio/local-still-policy.test.ts', LF will be replaced by CRLF the next time Git touches it
warning: in the working copy of 'src/lib/studio/local-still.server.ts', LF will be replaced by CRLF the next time Git touches it
warning: in the working copy of 'src/lib/studio/native-still-contract.ts', LF will be replaced by CRLF the next time Git touches it
warning: in the working copy of 'src/lib/studio/picture-preparation.ts', LF will be replaced by CRLF the next time Git touches it
warning: in the working copy of 'src/lib/studio/residency.test.ts', LF will be replaced by CRLF the next time Git touches it
warning: in the working copy of 'src/lib/studio/responsive-layout.test.ts', LF will be replaced by CRLF the next time Git touches it
warning: in the working copy of 'src/lib/studio/stage-layout.test.ts', LF will be replaced by CRLF the next time Git touches it
warning: in the working copy of 'src/lib/studio/stage-layout.ts', LF will be replaced by CRLF the next time Git touches it
warning: in the working copy of 'src/lib/studio/store.ts', LF will be replaced by CRLF the next time Git touches it
warning: in the working copy of 'src/lib/studio/types.ts', LF will be replaced by CRLF the next time Git touches it
warning: in the working copy of 'src/lib/studio/use-director.ts', LF will be replaced by CRLF the next time Git touches it
